MPLINK 4.34, Linker
Linker Map File - Created Thu Apr 24 16:05:28 2014

                                 Section Info
                  Section       Type    Address   Location Size(Bytes)
                ---------  ---------  ---------  ---------  ---------
               _entry_scn       code   0x000000    program   0x000006
    HIGH_INTERRUPT_VECTOR       code   0x000008    program   0x000006
     LOW_INTERRUPT_VECTOR       code   0x000018    program   0x000006
    REMAPPED_RESET_VECTOR       code   0x001000    program   0x000006
REMAPPED_HIGH_INTERRUPT_VECTOR       code   0x001008    program   0x000006
REMAPPED_LOW_INTERRUPT_VECTOR       code   0x001018    program   0x000006
                   .cinit    romdata   0x00102a    program   0x00001a
         .code_vfprintf.o       code   0x001044    program   0x000c22
       .code_usb_device.o       code   0x001c66    program   0x000b1e
             .code_user.o       code   0x002784    program   0x00058c
            .code_usart.o       code   0x002d10    program   0x0001a0
      .code_temperature.o       code   0x002eb0    program   0x000188
             .stringtable    romdata   0x003038    program   0x000125
      .romdata_fxd3232u.o    romdata   0x00315d    program   0x000000
      .idata_fxd3232u.o_i    romdata   0x00315d    program   0x000000
      .idata_vfprintf.o_i    romdata   0x00315d    program   0x000000
    .idata_usb_device.o_i    romdata   0x00315d    program   0x000000
    .romdata_usb_device.o    romdata   0x00315d    program   0x000000
         .idata_usart.o_i    romdata   0x00315d    program   0x000000
      .idata_fxd0808u.o_i    romdata   0x00315d    program   0x000000
      .romdata_fxd0808u.o    romdata   0x00315d    program   0x000000
      .idata_spi_read.o_i    romdata   0x00315d    program   0x000000
      .romdata_spi_read.o    romdata   0x00315d    program   0x000000
          .romdata_user.o    romdata   0x00315d    program   0x000000
    .romdata__user_putc.o    romdata   0x00315d    program   0x000000
    .idata__user_putc.o_i    romdata   0x00315d    program   0x000000
   .romdata_temperature.o    romdata   0x00315d    program   0x000000
          .idata_putc.o_i    romdata   0x00315d    program   0x000000
          .romdata_putc.o    romdata   0x00315d    program   0x000000
          .idata_main.o_i    romdata   0x00315d    program   0x000000
          .romdata_main.o    romdata   0x00315d    program   0x000000
.code_usb_function_generic.o       code   0x00315e    program   0x000000
             .code_main.o       code   0x00315e    program   0x0000d0
           .code_stdout.o       code   0x00315e    program   0x000000
.romdata_usb_descriptors.o    romdata   0x00322e    program   0x0000aa
               _cinit_scn       code   0x0032d8    program   0x00009e
                   STRING       code   0x003376    program   0x00009a
           .code_printf.o       code   0x003410    program   0x000098
             .code_putc.o       code   0x0034a8    program   0x000084
          .code_fxm3232.o       code   0x00352c    program   0x000070
         .code_spi_open.o       code   0x00359c    program   0x000064
                     PROG       code   0x003600    program   0x00005a
         .code_fxd3232u.o       code   0x00365a    program   0x000048
         .code_spi_read.o       code   0x0036a2    program   0x00002e
         .code_fxd1616u.o       code   0x0036d0    program   0x00002c
                    CTYPE       code   0x0036fc    program   0x000024
                    .code       code   0x003720    program   0x000020
             _startup_scn       code   0x003740    program   0x00001c
                    STDIO       code   0x00375c    program   0x00001c
         .code_fxd0808u.o       code   0x003778    program   0x00001c
      .romdata_vfprintf.o    romdata   0x003794    program   0x000011
        .romdata_printf.o    romdata   0x0037a5    program   0x000000
        .idata_printf.o_i    romdata   0x0037a5    program   0x000000
        .romdata_stdout.o    romdata   0x0037a5    program   0x000000
        .romdata___init.o    romdata   0x0037a5    program   0x000000
        .idata___init.o_i    romdata   0x0037a5    program   0x000000
       .idata_fxm3232.o_i    romdata   0x0037a5    program   0x000000
       .romdata_fxm3232.o    romdata   0x0037a5    program   0x000000
         .idata_c018i.o_i    romdata   0x0037a5    program   0x000000
         .romdata_c018i.o    romdata   0x0037a5    program   0x000000
   .idata_temperature.o_i    romdata   0x0037a5    program   0x000000
.idata_usb_descriptors.o_i    romdata   0x0037a5    program   0x000000
.idata_usb_function_generic.o_i    romdata   0x0037a5    program   0x000000
.romdata_usb_function_generic.o    romdata   0x0037a5    program   0x000000
      .romdata_spi_open.o    romdata   0x0037a5    program   0x000000
      .idata_spi_open.o_i    romdata   0x0037a5    program   0x000000
      .romdata_fxd1616u.o    romdata   0x0037a5    program   0x000000
         .romdata_usart.o    romdata   0x0037a5    program   0x000000
      .idata_fxd1616u.o_i    romdata   0x0037a5    program   0x000000
       .code__user_putc.o       code   0x0037a6    program   0x000002
            .code_c018i.o       code   0x0037a6    program   0x000000
  .code_usb_descriptors.o       code   0x0037a6    program   0x000000
           .code___init.o       code   0x0037a8    program   0x000002
          .idata_user.o_i    romdata   0x0037aa    program   0x000006
        .idata_stdout.o_i    romdata   0x0037b0    program   0x000002
    .config_300000_main.o    romdata   0x300000    program   0x000001
    .config_300001_main.o    romdata   0x300001    program   0x000001
    .config_300002_main.o    romdata   0x300002    program   0x000001
    .config_300003_main.o    romdata   0x300003    program   0x000001
    .config_300005_main.o    romdata   0x300005    program   0x000001
    .config_300006_main.o    romdata   0x300006    program   0x000001
    .config_300008_main.o    romdata   0x300008    program   0x000001
    .config_300009_main.o    romdata   0x300009    program   0x000001
    .config_30000a_main.o    romdata   0x30000a    program   0x000001
    .config_30000b_main.o    romdata   0x30000b    program   0x000001
    .config_30000c_main.o    romdata   0x30000c    program   0x000001
    .config_30000d_main.o    romdata   0x30000d    program   0x000001
                MATH_DATA      udata   0x000000       data   0x000014
                 .tmpdata      udata   0x000014       data   0x000007
            .udata_user.o      udata   0x000060       data   0x000043
      .udata_usb_device.o      udata   0x0000a3       data   0x000025
     .udata_temperature.o      udata   0x0000c8       data   0x000010
           .udata_c018i.o      udata   0x0000d8       data   0x00000a
            .idata_user.o      idata   0x0000e2       data   0x000006
            .udata_main.o      udata   0x0000e8       data   0x000002
          .idata_stdout.o      idata   0x0000ea       data   0x000002
        .udata_spi_read.o      udata   0x0000ec       data   0x000000
        .idata_spi_read.o      idata   0x0000ec       data   0x000000
          .udata___init.o      udata   0x0000ec       data   0x000000
          .idata___init.o      idata   0x0000ec       data   0x000000
          .udata_printf.o      udata   0x0000ec       data   0x000000
          .idata_printf.o      idata   0x0000ec       data   0x000000
          .udata_stdout.o      udata   0x0000ec       data   0x000000
        .udata_vfprintf.o      udata   0x0000ec       data   0x000000
        .idata_vfprintf.o      idata   0x0000ec       data   0x000000
        .udata_fxd3232u.o      udata   0x0000ec       data   0x000000
        .idata_fxd3232u.o      idata   0x0000ec       data   0x000000
         .udata_fxm3232.o      udata   0x0000ec       data   0x000000
         .idata_fxm3232.o      idata   0x0000ec       data   0x000000
            .udata_putc.o      udata   0x0000ec       data   0x000000
            .idata_putc.o      idata   0x0000ec       data   0x000000
      .udata__user_putc.o      udata   0x0000ec       data   0x000000
      .idata__user_putc.o      idata   0x0000ec       data   0x000000
           .idata_c018i.o      idata   0x0000ec       data   0x000000
     .idata_temperature.o      idata   0x0000ec       data   0x000000
            .idata_main.o      idata   0x0000ec       data   0x000000
 .udata_usb_descriptors.o      udata   0x0000ec       data   0x000000
 .idata_usb_descriptors.o      idata   0x0000ec       data   0x000000
      .idata_usb_device.o      idata   0x0000ec       data   0x000000
.udata_usb_function_generic.o      udata   0x0000ec       data   0x000000
.idata_usb_function_generic.o      idata   0x0000ec       data   0x000000
           .udata_usart.o      udata   0x0000ec       data   0x000000
           .idata_usart.o      idata   0x0000ec       data   0x000000
        .udata_fxd0808u.o      udata   0x0000ec       data   0x000000
        .idata_fxd0808u.o      idata   0x0000ec       data   0x000000
        .udata_fxd1616u.o      udata   0x0000ec       data   0x000000
        .idata_fxd1616u.o      idata   0x0000ec       data   0x000000
        .udata_spi_open.o      udata   0x0000ec       data   0x000000
        .idata_spi_open.o      idata   0x0000ec       data   0x000000
                   .stack      udata   0x000300       data   0x000100
                  USB_BDT      udata   0x000400       data   0x000020
                 USB_VARS      udata   0x000420       data   0x000080
            SFR_UNBANKED0      udata   0x000f62       data   0x00009e



                              Program Memory Usage 
                               Start         End      
                           ---------   ---------      
                            0x000000    0x000005      
                            0x000008    0x00000d      
                            0x000018    0x00001d      
                            0x001000    0x001005      
                            0x001008    0x00100d      
                            0x001018    0x00101d      
                            0x00102a    0x00315c      
                            0x00315e    0x0037a4      
                            0x0037a6    0x0037b1      
                            0x300000    0x300003      
                            0x300005    0x300006      
                            0x300008    0x30000d      
            10166 out of 33048 program addresses used, program memory utilization is 30%



                              Symbols - Sorted by Name
                     Name    Address   Location    Storage File                     
                ---------  ---------  ---------  --------- ---------                
       AcquireTemperature   0x002ed6    program     extern C:\Microchip Solutions\USB Device - MCHPUSB - Generic Driver Demo - Copy\Generic Driver Demo - Firmware\temperature.c
           BlinkUSBStatus   0x002c38    program     extern C:\Microchip Solutions\USB Device - MCHPUSB - Generic Driver Demo - Copy\Generic Driver Demo - Firmware\user.c
                 FXD0808U   0x003778    program     extern C:\MCC18\src\traditional\math\fxd0808u.c
                 FXD1616U   0x0036d0    program     extern C:\MCC18\src\traditional\math\fxd1616u.c
                 FXD3232U   0x00365a    program     extern C:\MCC18\src\traditional\math\fxd3232u.c
                 FXM1616S   0x003600    program     extern C:\MCC18\src\traditional\math\fxm1616s.asm
                  FXM3232   0x00352c    program     extern C:\MCC18\src\traditional\math\fxm3232.c
                 High_ISR   0x000008    program     extern C:\Microchip Solutions\USB Device - MCHPUSB - Generic Driver Demo - Copy\Generic Driver Demo - Firmware\main.c
           InitTempSensor   0x002eb0    program     extern C:\Microchip Solutions\USB Device - MCHPUSB - Generic Driver Demo - Copy\Generic Driver Demo - Firmware\temperature.c
         InitializeSystem   0x003186    program     static C:\Microchip Solutions\USB Device - MCHPUSB - Generic Driver Demo - Copy\Generic Driver Demo - Firmware\main.c
                  Low_ISR   0x000018    program     extern C:\Microchip Solutions\USB Device - MCHPUSB - Generic Driver Demo - Copy\Generic Driver Demo - Firmware\main.c
                  OpenSPI   0x00359c    program     extern C:\MCC18\src\pmc_common\SPI\spi_open.c
                ProcessIO   0x0027de    program     extern C:\Microchip Solutions\USB Device - MCHPUSB - Generic Driver Demo - Copy\Generic Driver Demo - Firmware\user.c
                  ReadPOT   0x00284a    program     extern C:\Microchip Solutions\USB Device - MCHPUSB - Generic Driver Demo - Copy\Generic Driver Demo - Firmware\user.c
                  ReadSPI   0x0036a2    program     extern C:\MCC18\src\pmc_common\SPI\spi_read.c
        Remapped_High_ISR   0x001008    program     extern C:\Microchip Solutions\USB Device - MCHPUSB - Generic Driver Demo - Copy\Generic Driver Demo - Firmware\main.c
         Remapped_Low_ISR   0x001018    program     extern C:\Microchip Solutions\USB Device - MCHPUSB - Generic Driver Demo - Copy\Generic Driver Demo - Firmware\main.c
             ResetTempLog   0x002842    program     extern C:\Microchip Solutions\USB Device - MCHPUSB - Generic Driver Demo - Copy\Generic Driver Demo - Firmware\user.c
          ServiceRequests   0x00288a    program     extern C:\Microchip Solutions\USB Device - MCHPUSB - Generic Driver Demo - Copy\Generic Driver Demo - Firmware\user.c
         Switch2IsPressed   0x002cba    program     extern C:\Microchip Solutions\USB Device - MCHPUSB - Generic Driver Demo - Copy\Generic Driver Demo - Firmware\user.c
         Switch3IsPressed   0x002cd8    program     extern C:\Microchip Solutions\USB Device - MCHPUSB - Generic Driver Demo - Copy\Generic Driver Demo - Firmware\user.c
               TSIGN1616A   0x00364c    program     static C:\MCC18\src\traditional\math\fxm1616s.asm
                   TXbyte   0x002cf6    program     extern C:\Microchip Solutions\USB Device - MCHPUSB - Generic Driver Demo - Copy\Generic Driver Demo - Firmware\user.c
              UARTGetChar   0x002d38    program     extern C:\Microchip Solutions\USB Device - MCHPUSB - Generic Driver Demo - Copy\Generic Driver Demo - Firmware\usart.c
               UARTGetStr   0x002dac    program     extern C:\Microchip Solutions\USB Device - MCHPUSB - Generic Driver Demo - Copy\Generic Driver Demo - Firmware\usart.c
            UARTIsPresent   0x002d32    program     extern C:\Microchip Solutions\USB Device - MCHPUSB - Generic Driver Demo - Copy\Generic Driver Demo - Firmware\usart.c
              UARTPutChar   0x002d24    program     extern C:\Microchip Solutions\USB Device - MCHPUSB - Generic Driver Demo - Copy\Generic Driver Demo - Firmware\usart.c
               UARTPutDec   0x002d4c    program     extern C:\Microchip Solutions\USB Device - MCHPUSB - Generic Driver Demo - Copy\Generic Driver Demo - Firmware\usart.c
               UARTPutStr   0x002d94    program     extern C:\Microchip Solutions\USB Device - MCHPUSB - Generic Driver Demo - Copy\Generic Driver Demo - Firmware\usart.c
                USARTInit   0x002d10    program     extern C:\Microchip Solutions\USB Device - MCHPUSB - Generic Driver Demo - Copy\Generic Driver Demo - Firmware\usart.c
       USBCBCheckOtherReq   0x0031ae    program     extern C:\Microchip Solutions\USB Device - MCHPUSB - Generic Driver Demo - Copy\Generic Driver Demo - Firmware\main.c
        USBCBErrorHandler   0x0031ac    program     extern C:\Microchip Solutions\USB Device - MCHPUSB - Generic Driver Demo - Copy\Generic Driver Demo - Firmware\main.c
              USBCBInitEP   0x0031b2    program     extern C:\Microchip Solutions\USB Device - MCHPUSB - Generic Driver Demo - Copy\Generic Driver Demo - Firmware\main.c
          USBCBSendResume   0x0031ea    program     extern C:\Microchip Solutions\USB Device - MCHPUSB - Generic Driver Demo - Copy\Generic Driver Demo - Firmware\main.c
    USBCBStdSetDscHandler   0x0031b0    program     extern C:\Microchip Solutions\USB Device - MCHPUSB - Generic Driver Demo - Copy\Generic Driver Demo - Firmware\main.c
             USBCBSuspend   0x0031a6    program     extern C:\Microchip Solutions\USB Device - MCHPUSB - Generic Driver Demo - Copy\Generic Driver Demo - Firmware\main.c
     USBCBWakeFromSuspend   0x0031a8    program     extern C:\Microchip Solutions\USB Device - MCHPUSB - Generic Driver Demo - Copy\Generic Driver Demo - Firmware\main.c
        USBCB_SOF_Handler   0x0031aa    program     extern C:\Microchip Solutions\USB Device - MCHPUSB - Generic Driver Demo - Copy\Generic Driver Demo - Firmware\main.c
       USBCheckStdRequest   0x001fda    program     extern C:\Microchip Solutions\Microchip\USB\usb_device.c
    USBClearInterruptFlag   0x00258a    program     extern C:\Microchip Solutions\Microchip\USB\usb_device.c
     USBConfigureEndpoint   0x002410    program     extern C:\Microchip Solutions\Microchip\USB\usb_device.c
         USBCtrlEPService   0x001e52    program     extern C:\Microchip Solutions\Microchip\USB\usb_device.c
 USBCtrlEPServiceComplete   0x002218    program     extern C:\Microchip Solutions\Microchip\USB\usb_device.c
      USBCtrlTrfInHandler   0x001ec8    program     extern C:\Microchip Solutions\Microchip\USB\usb_device.c
     USBCtrlTrfOutHandler   0x001eb8    program     extern C:\Microchip Solutions\Microchip\USB\usb_device.c
      USBCtrlTrfRxService   0x00232c    program     extern C:\Microchip Solutions\Microchip\USB\usb_device.c
   USBCtrlTrfSetupHandler   0x001e96    program     extern C:\Microchip Solutions\Microchip\USB\usb_device.c
      USBCtrlTrfTxService   0x002288    program     extern C:\Microchip Solutions\Microchip\USB\usb_device.c
            USBDeviceInit   0x001c66    program     extern C:\Microchip Solutions\Microchip\USB\usb_device.c
           USBDeviceTasks   0x001ce8    program     extern C:\Microchip Solutions\Microchip\USB\usb_device.c
        USBEnableEndpoint   0x002482    program     extern C:\Microchip Solutions\Microchip\USB\usb_device.c
USBPrepareForNextSetupTrf   0x001f1e    program     extern C:\Microchip Solutions\Microchip\USB\usb_device.c
         USBStallEndpoint   0x0024cc    program     extern C:\Microchip Solutions\Microchip\USB\usb_device.c
          USBStallHandler   0x001e04    program     extern C:\Microchip Solutions\Microchip\USB\usb_device.c
  USBStdFeatureReqHandler   0x00207e    program     extern C:\Microchip Solutions\Microchip\USB\usb_device.c
      USBStdGetDscHandler   0x002138    program     extern C:\Microchip Solutions\Microchip\USB\usb_device.c
   USBStdGetStatusHandler   0x0021ae    program     extern C:\Microchip Solutions\Microchip\USB\usb_device.c
      USBStdSetCfgHandler   0x0023de    program     extern C:\Microchip Solutions\Microchip\USB\usb_device.c
               USBSuspend   0x001e2a    program     extern C:\Microchip Solutions\Microchip\USB\usb_device.c
     USBTransferOnePacket   0x00251a    program     extern C:\Microchip Solutions\Microchip\USB\usb_device.c
       USBWakeFromSuspend   0x001e3e    program     extern C:\Microchip Solutions\Microchip\USB\usb_device.c
               USB_CD_Ptr   0x0032d0    program     extern C:\Microchip Solutions\USB Device - MCHPUSB - Generic Driver Demo - Copy\Generic Driver Demo - Firmware\usb_descriptors.c
               USB_SD_Ptr   0x0032d2    program     extern C:\Microchip Solutions\USB Device - MCHPUSB - Generic Driver Demo - Copy\Generic Driver Demo - Firmware\usb_descriptors.c
       UpdateCelsiusASCII   0x002ef0    program     extern C:\Microchip Solutions\USB Device - MCHPUSB - Generic Driver Demo - Copy\Generic Driver Demo - Firmware\temperature.c
                 UserInit   0x002784    program     extern C:\Microchip Solutions\USB Device - MCHPUSB - Generic Driver Demo - Copy\Generic Driver Demo - Firmware\user.c
  YourHighPriorityISRCode   0x00315e    program     extern C:\Microchip Solutions\USB Device - MCHPUSB - Generic Driver Demo - Copy\Generic Driver Demo - Firmware\main.c
   YourLowPriorityISRCode   0x003162    program     extern C:\Microchip Solutions\USB Device - MCHPUSB - Generic Driver Demo - Copy\Generic Driver Demo - Firmware\main.c
              _2jContinue   0x003396    program     static C:\MCC18\src\traditional\stdclib\memset.asm
                   _2jEnd   0x0033fa    program     static C:\MCC18\src\traditional\stdclib\slenpgm.asm
                   _3jEnd   0x0033a0    program     static C:\MCC18\src\traditional\stdclib\memset.asm
           ___?:_lbl00015   0x0028b2    program     static                          
           ___?:_lbl00016   0x0028a2    program     static                          
           ___?:_lbl00045   0x002bd2    program     static                          
           ___?:_lbl00046   0x002bc2    program     static                          
       ___case_0_lbl00018   0x0028fa    program     static                          
     ___case_255_lbl00043   0x002b88    program     static                          
      ___case_49_lbl00019   0x00290c    program     static                          
      ___case_50_lbl00031   0x00294c    program     static                          
      ___case_51_lbl00032   0x0029e0    program     static                          
      ___case_52_lbl00034   0x002a18    program     static                          
      ___case_53_lbl00035   0x002a84    program     static                          
      ___case_54_lbl00036   0x002a94    program     static                          
      ___case_55_lbl00042   0x002b06    program     static                          
      ___default_lbl00044   0x002bac    program     static                          
         ___else_lbl00021   0x002946    program     static                          
         ___else_lbl00023   0x002938    program     static                          
         ___else_lbl00025   0x00292a    program     static                          
         ___else_lbl00027   0x00291e    program     static                          
         ___else_lbl00030   0x002996    program     static                          
         ___else_lbl00040   0x002ac2    program     static                          
          ___for_lbl00037   0x002afe    program     static                          
          ___for_lbl00038   0x002b02    program     static                          
          ___for_lbl00041   0x002aae    program     static                          
           ___if_lbl00020   0x00294a    program     static                          
           ___if_lbl00022   0x00294a    program     static                          
           ___if_lbl00024   0x00294a    program     static                          
           ___if_lbl00026   0x00294a    program     static                          
           ___if_lbl00028   0x0029de    program     static                          
           ___if_lbl00029   0x0029de    program     static                          
           ___if_lbl00033   0x002a82    program     static                          
           ___if_lbl00039   0x002ac6    program     static                          
           ___if_lbl00047   0x002bfe    program     static                          
           ___if_lbl00048   0x002bfe    program     static                          
           ___if_lbl00049   0x002c24    program     static                          
       ___return_lbl00000   0x000004    program     static                          
       ___return_lbl00000   0x001004    program     static                          
       ___return_lbl00000   0x003792    program     static                          
       ___return_lbl00000   0x00359a    program     static                          
       ___return_lbl00000   0x0036fa    program     static                          
       ___return_lbl00000   0x0036a0    program     static                          
       ___return_lbl00001   0x00100c    program     static                          
       ___return_lbl00001   0x00375a    program     static                          
       ___return_lbl00002   0x00101c    program     static                          
       ___return_lbl00002   0x003374    program     static                          
       ___return_lbl00003   0x00000c    program     static                          
       ___return_lbl00004   0x00001c    program     static                          
       ___return_lbl00014   0x002c24    program     static                          
   ___switchexit_lbl00017   0x002bb0    program     static                          
               __config_0   0x300000    program     static C:\Microchip Solutions\USB Device - MCHPUSB - Generic Driver Demo - Copy\Generic Driver Demo - Firmware\main.c
               __config_1   0x300001    program     static C:\Microchip Solutions\USB Device - MCHPUSB - Generic Driver Demo - Copy\Generic Driver Demo - Firmware\main.c
              __config_10   0x30000c    program     static C:\Microchip Solutions\USB Device - MCHPUSB - Generic Driver Demo - Copy\Generic Driver Demo - Firmware\main.c
              __config_11   0x30000d    program     static C:\Microchip Solutions\USB Device - MCHPUSB - Generic Driver Demo - Copy\Generic Driver Demo - Firmware\main.c
               __config_2   0x300002    program     static C:\Microchip Solutions\USB Device - MCHPUSB - Generic Driver Demo - Copy\Generic Driver Demo - Firmware\main.c
               __config_3   0x300003    program     static C:\Microchip Solutions\USB Device - MCHPUSB - Generic Driver Demo - Copy\Generic Driver Demo - Firmware\main.c
               __config_4   0x300005    program     static C:\Microchip Solutions\USB Device - MCHPUSB - Generic Driver Demo - Copy\Generic Driver Demo - Firmware\main.c
               __config_5   0x300006    program     static C:\Microchip Solutions\USB Device - MCHPUSB - Generic Driver Demo - Copy\Generic Driver Demo - Firmware\main.c
               __config_6   0x300008    program     static C:\Microchip Solutions\USB Device - MCHPUSB - Generic Driver Demo - Copy\Generic Driver Demo - Firmware\main.c
               __config_7   0x300009    program     static C:\Microchip Solutions\USB Device - MCHPUSB - Generic Driver Demo - Copy\Generic Driver Demo - Firmware\main.c
               __config_8   0x30000a    program     static C:\Microchip Solutions\USB Device - MCHPUSB - Generic Driver Demo - Copy\Generic Driver Demo - Firmware\main.c
               __config_9   0x30000b    program     static C:\Microchip Solutions\USB Device - MCHPUSB - Generic Driver Demo - Copy\Generic Driver Demo - Firmware\main.c
                   __init   0x0037a8    program     extern C:\MCC18\src\traditional\stdclib\__init.c
                   __pa_0   0x0025b4    program     static C:\Microchip Solutions\Microchip\USB\usb_device.c
                   __pa_0   0x003024    program     static C:\Microchip Solutions\USB Device - MCHPUSB - Generic Driver Demo - Copy\Generic Driver Demo - Firmware\temperature.c
                   __pa_0   0x002e76    program     static C:\Microchip Solutions\USB Device - MCHPUSB - Generic Driver Demo - Copy\Generic Driver Demo - Firmware\usart.c
                   __pa_0   0x001984    program     static C:\MCC18\src\traditional\stdclib\vfprintf.c
                   __pa_0   0x003206    program     static C:\Microchip Solutions\USB Device - MCHPUSB - Generic Driver Demo - Copy\Generic Driver Demo - Firmware\main.c
                   __pa_1   0x00302e    program     static C:\Microchip Solutions\USB Device - MCHPUSB - Generic Driver Demo - Copy\Generic Driver Demo - Firmware\temperature.c
                   __pa_1   0x002e86    program     static C:\Microchip Solutions\USB Device - MCHPUSB - Generic Driver Demo - Copy\Generic Driver Demo - Firmware\usart.c
                   __pa_1   0x00198c    program     static C:\MCC18\src\traditional\stdclib\vfprintf.c
                   __pa_1   0x0025c2    program     static C:\Microchip Solutions\Microchip\USB\usb_device.c
                   __pa_1   0x003220    program     static C:\Microchip Solutions\USB Device - MCHPUSB - Generic Driver Demo - Copy\Generic Driver Demo - Firmware\main.c
                  __pa_10   0x001a40    program     static C:\MCC18\src\traditional\stdclib\vfprintf.c
                  __pa_10   0x002634    program     static C:\Microchip Solutions\Microchip\USB\usb_device.c
                  __pa_11   0x001a4e    program     static C:\MCC18\src\traditional\stdclib\vfprintf.c
                  __pa_11   0x002650    program     static C:\Microchip Solutions\Microchip\USB\usb_device.c
                  __pa_12   0x001a64    program     static C:\MCC18\src\traditional\stdclib\vfprintf.c
                  __pa_12   0x002662    program     static C:\Microchip Solutions\Microchip\USB\usb_device.c
                  __pa_13   0x001a7e    program     static C:\MCC18\src\traditional\stdclib\vfprintf.c
                  __pa_13   0x00267e    program     static C:\Microchip Solutions\Microchip\USB\usb_device.c
                  __pa_14   0x001a96    program     static C:\MCC18\src\traditional\stdclib\vfprintf.c
                  __pa_14   0x002688    program     static C:\Microchip Solutions\Microchip\USB\usb_device.c
                  __pa_15   0x001aa6    program     static C:\MCC18\src\traditional\stdclib\vfprintf.c
                  __pa_15   0x00268e    program     static C:\Microchip Solutions\Microchip\USB\usb_device.c
                  __pa_16   0x002692    program     static C:\Microchip Solutions\Microchip\USB\usb_device.c
                  __pa_16   0x001abc    program     static C:\MCC18\src\traditional\stdclib\vfprintf.c
                  __pa_17   0x0026a2    program     static C:\Microchip Solutions\Microchip\USB\usb_device.c
                  __pa_17   0x001ace    program     static C:\MCC18\src\traditional\stdclib\vfprintf.c
                  __pa_18   0x0026b2    program     static C:\Microchip Solutions\Microchip\USB\usb_device.c
                  __pa_18   0x001ae0    program     static C:\MCC18\src\traditional\stdclib\vfprintf.c
                  __pa_19   0x0026c2    program     static C:\Microchip Solutions\Microchip\USB\usb_device.c
                  __pa_19   0x001aea    program     static C:\MCC18\src\traditional\stdclib\vfprintf.c
                   __pa_2   0x002e90    program     static C:\Microchip Solutions\USB Device - MCHPUSB - Generic Driver Demo - Copy\Generic Driver Demo - Firmware\usart.c
                   __pa_2   0x001996    program     static C:\MCC18\src\traditional\stdclib\vfprintf.c
                   __pa_2   0x0025dc    program     static C:\Microchip Solutions\Microchip\USB\usb_device.c
                  __pa_20   0x001afa    program     static C:\MCC18\src\traditional\stdclib\vfprintf.c
                  __pa_20   0x0026d0    program     static C:\Microchip Solutions\Microchip\USB\usb_device.c
                  __pa_21   0x001b0a    program     static C:\MCC18\src\traditional\stdclib\vfprintf.c
                  __pa_21   0x0026de    program     static C:\Microchip Solutions\Microchip\USB\usb_device.c
                  __pa_22   0x0026e6    program     static C:\Microchip Solutions\Microchip\USB\usb_device.c
                  __pa_22   0x001b1a    program     static C:\MCC18\src\traditional\stdclib\vfprintf.c
                  __pa_23   0x001b26    program     static C:\MCC18\src\traditional\stdclib\vfprintf.c
                  __pa_23   0x0026f0    program     static C:\Microchip Solutions\Microchip\USB\usb_device.c
                  __pa_24   0x001b34    program     static C:\MCC18\src\traditional\stdclib\vfprintf.c
                  __pa_24   0x0026fc    program     static C:\Microchip Solutions\Microchip\USB\usb_device.c
                  __pa_25   0x002708    program     static C:\Microchip Solutions\Microchip\USB\usb_device.c
                  __pa_25   0x001b3c    program     static C:\MCC18\src\traditional\stdclib\vfprintf.c
                  __pa_26   0x001b46    program     static C:\MCC18\src\traditional\stdclib\vfprintf.c
                  __pa_26   0x002712    program     static C:\Microchip Solutions\Microchip\USB\usb_device.c
                  __pa_27   0x001b50    program     static C:\MCC18\src\traditional\stdclib\vfprintf.c
                  __pa_27   0x00271a    program     static C:\Microchip Solutions\Microchip\USB\usb_device.c
                  __pa_28   0x001b58    program     static C:\MCC18\src\traditional\stdclib\vfprintf.c
                  __pa_28   0x002724    program     static C:\Microchip Solutions\Microchip\USB\usb_device.c
                  __pa_29   0x00272e    program     static C:\Microchip Solutions\Microchip\USB\usb_device.c
                  __pa_29   0x001b66    program     static C:\MCC18\src\traditional\stdclib\vfprintf.c
                   __pa_3   0x002e98    program     static C:\Microchip Solutions\USB Device - MCHPUSB - Generic Driver Demo - Copy\Generic Driver Demo - Firmware\usart.c
                   __pa_3   0x0019a0    program     static C:\MCC18\src\traditional\stdclib\vfprintf.c
                   __pa_3   0x0025f0    program     static C:\Microchip Solutions\Microchip\USB\usb_device.c
                  __pa_30   0x00273c    program     static C:\Microchip Solutions\Microchip\USB\usb_device.c
                  __pa_30   0x001b82    program     static C:\MCC18\src\traditional\stdclib\vfprintf.c
                  __pa_31   0x00274c    program     static C:\Microchip Solutions\Microchip\USB\usb_device.c
                  __pa_31   0x001b9c    program     static C:\MCC18\src\traditional\stdclib\vfprintf.c
                  __pa_32   0x002752    program     static C:\Microchip Solutions\Microchip\USB\usb_device.c
                  __pa_32   0x001bb6    program     static C:\MCC18\src\traditional\stdclib\vfprintf.c
                  __pa_33   0x001bce    program     static C:\MCC18\src\traditional\stdclib\vfprintf.c
                  __pa_33   0x00275c    program     static C:\Microchip Solutions\Microchip\USB\usb_device.c
                  __pa_34   0x002764    program     static C:\Microchip Solutions\Microchip\USB\usb_device.c
                  __pa_34   0x001bd8    program     static C:\MCC18\src\traditional\stdclib\vfprintf.c
                  __pa_35   0x00277a    program     static C:\Microchip Solutions\Microchip\USB\usb_device.c
                  __pa_35   0x001be6    program     static C:\MCC18\src\traditional\stdclib\vfprintf.c
                  __pa_36   0x001bee    program     static C:\MCC18\src\traditional\stdclib\vfprintf.c
                  __pa_37   0x001bf8    program     static C:\MCC18\src\traditional\stdclib\vfprintf.c
                  __pa_38   0x001c08    program     static C:\MCC18\src\traditional\stdclib\vfprintf.c
                  __pa_39   0x001c16    program     static C:\MCC18\src\traditional\stdclib\vfprintf.c
                   __pa_4   0x0019b8    program     static C:\MCC18\src\traditional\stdclib\vfprintf.c
                   __pa_4   0x002ea0    program     static C:\Microchip Solutions\USB Device - MCHPUSB - Generic Driver Demo - Copy\Generic Driver Demo - Firmware\usart.c
                   __pa_4   0x0025fa    program     static C:\Microchip Solutions\Microchip\USB\usb_device.c
                  __pa_40   0x001c22    program     static C:\MCC18\src\traditional\stdclib\vfprintf.c
                  __pa_41   0x001c2e    program     static C:\MCC18\src\traditional\stdclib\vfprintf.c
                  __pa_42   0x001c36    program     static C:\MCC18\src\traditional\stdclib\vfprintf.c
                  __pa_43   0x001c40    program     static C:\MCC18\src\traditional\stdclib\vfprintf.c
                  __pa_44   0x001c46    program     static C:\MCC18\src\traditional\stdclib\vfprintf.c
                  __pa_45   0x001c50    program     static C:\MCC18\src\traditional\stdclib\vfprintf.c
                  __pa_46   0x001c5c    program     static C:\MCC18\src\traditional\stdclib\vfprintf.c
                   __pa_5   0x0019cc    program     static C:\MCC18\src\traditional\stdclib\vfprintf.c
                   __pa_5   0x002602    program     static C:\Microchip Solutions\Microchip\USB\usb_device.c
                   __pa_6   0x002606    program     static C:\Microchip Solutions\Microchip\USB\usb_device.c
                   __pa_6   0x0019e8    program     static C:\MCC18\src\traditional\stdclib\vfprintf.c
                   __pa_7   0x002610    program     static C:\Microchip Solutions\Microchip\USB\usb_device.c
                   __pa_7   0x0019f2    program     static C:\MCC18\src\traditional\stdclib\vfprintf.c
                   __pa_8   0x00261e    program     static C:\Microchip Solutions\Microchip\USB\usb_device.c
                   __pa_8   0x0019fe    program     static C:\MCC18\src\traditional\stdclib\vfprintf.c
                   __pa_9   0x00262a    program     static C:\Microchip Solutions\Microchip\USB\usb_device.c
                   __pa_9   0x001a20    program     static C:\MCC18\src\traditional\stdclib\vfprintf.c
               __string_0   0x003143    program     static C:\Microchip Solutions\Microchip\USB\usb_device.c
               __string_0   0x003094    program     static C:\Microchip Solutions\USB Device - MCHPUSB - Generic Driver Demo - Copy\Generic Driver Demo - Firmware\user.c
               __string_0   0x0030c0    program     static C:\Microchip Solutions\USB Device - MCHPUSB - Generic Driver Demo - Copy\Generic Driver Demo - Firmware\main.c
               __string_1   0x00312c    program     static C:\Microchip Solutions\Microchip\USB\usb_device.c
               __string_1   0x003088    program     static C:\Microchip Solutions\USB Device - MCHPUSB - Generic Driver Demo - Copy\Generic Driver Demo - Firmware\user.c
               __string_1   0x0030aa    program     static C:\Microchip Solutions\USB Device - MCHPUSB - Generic Driver Demo - Copy\Generic Driver Demo - Firmware\main.c
               __string_2   0x003121    program     static C:\Microchip Solutions\Microchip\USB\usb_device.c
               __string_2   0x00307c    program     static C:\Microchip Solutions\USB Device - MCHPUSB - Generic Driver Demo - Copy\Generic Driver Demo - Firmware\user.c
               __string_3   0x003116    program     static C:\Microchip Solutions\Microchip\USB\usb_device.c
               __string_3   0x00306e    program     static C:\Microchip Solutions\USB Device - MCHPUSB - Generic Driver Demo - Copy\Generic Driver Demo - Firmware\user.c
               __string_4   0x003100    program     static C:\Microchip Solutions\Microchip\USB\usb_device.c
               __string_4   0x003062    program     static C:\Microchip Solutions\USB Device - MCHPUSB - Generic Driver Demo - Copy\Generic Driver Demo - Firmware\user.c
               __string_5   0x0030f3    program     static C:\Microchip Solutions\Microchip\USB\usb_device.c
               __string_5   0x003056    program     static C:\Microchip Solutions\USB Device - MCHPUSB - Generic Driver Demo - Copy\Generic Driver Demo - Firmware\user.c
               __string_6   0x0030e3    program     static C:\Microchip Solutions\Microchip\USB\usb_device.c
               __string_6   0x00304a    program     static C:\Microchip Solutions\USB Device - MCHPUSB - Generic Driver Demo - Copy\Generic Driver Demo - Firmware\user.c
               __string_7   0x0030d3    program     static C:\Microchip Solutions\Microchip\USB\usb_device.c
               __string_7   0x00303e    program     static C:\Microchip Solutions\USB Device - MCHPUSB - Generic Driver Demo - Copy\Generic Driver Demo - Firmware\user.c
               __string_8   0x0030c3    program     static C:\Microchip Solutions\Microchip\USB\usb_device.c
               __string_8   0x003038    program     static C:\Microchip Solutions\USB Device - MCHPUSB - Generic Driver Demo - Copy\Generic Driver Demo - Firmware\user.c
              __tmplbl_25   0x00268e    program     static                          
              __tmplbl_31   0x00268e    program     static                          
              __tmplbl_42   0x001b1a    program     static                          
              __tmplbl_43   0x001962    program     static                          
              __tmplbl_44   0x001948    program     static                          
              __tmplbl_85   0x00109a    program     static                          
            __zero_memory   0x003720    program     extern C:\MCC18\src\traditional\proc\p18F4550.asm
                _do_cinit   0x0032d8    program     extern C:\MCC18\src\traditional\startup\c018i.c
                   _entry   0x000000    program     extern C:\MCC18\src\traditional\startup\c018i.c
                   _false   0x00369c    program     static                          
                   _reset   0x001000    program     extern C:\Microchip Solutions\USB Device - MCHPUSB - Generic Driver Demo - Copy\Generic Driver Demo - Firmware\main.c
                 _startup   0x003740    program     extern C:\MCC18\src\traditional\startup\c018i.c
              _usart_putc   0x00375c    program     extern C:\MCC18\src\pmc_common\USART\_usartpc.asm
               _user_putc   0x0037a6    program     extern C:\MCC18\src\traditional\stdclib\_user_putc.c
                compare_l   0x003736    program     static C:\MCC18\src\traditional\proc\p18F4550.asm
        configDescriptor1   0x003240    program     extern C:\Microchip Solutions\USB Device - MCHPUSB - Generic Driver Demo - Copy\Generic Driver Demo - Firmware\usb_descriptors.c
                copy_loop   0x00334a    program     static                          
            copy_one_byte   0x003350    program     static                          
               device_dsc   0x00322e    program     extern C:\Microchip Solutions\USB Device - MCHPUSB - Generic Driver Demo - Copy\Generic Driver Demo - Firmware\usb_descriptors.c
                     done   0x003374    program     static                          
             done_copying   0x00335e    program     static                          
                  endloop   0x00378e    program     static                          
                  endloop   0x0036f6    program     static                          
                hex_ascii   0x002e32    program     extern C:\Microchip Solutions\USB Device - MCHPUSB - Generic Driver Demo - Copy\Generic Driver Demo - Firmware\usart.c
                  isdigit   0x0036fc    program     extern C:\MCC18\src\traditional\stdclib\isdigit.asm
                     jEnd   0x0033c4    program     static C:\MCC18\src\traditional\stdclib\strlen.asm
                     jEnd   0x0033fc    program     static C:\MCC18\src\traditional\stdclib\slenpgm.asm
                     jEnd   0x0033a8    program     static C:\MCC18\src\traditional\stdclib\memset.asm
                    jLoop   0x0033e4    program     static C:\MCC18\src\traditional\stdclib\slenpgm.asm
                    jLoop   0x0033ba    program     static C:\MCC18\src\traditional\stdclib\strlen.asm
                    jLoop   0x00338a    program     static C:\MCC18\src\traditional\stdclib\memset.asm
                   jMatch   0x00371c    program     static C:\MCC18\src\traditional\stdclib\isdigit.asm
                 jNoMatch   0x00371e    program     static C:\MCC18\src\traditional\stdclib\isdigit.asm
                     loop   0x00376c    program     static C:\MCC18\src\pmc_common\USART\_usartpc.asm
                     loop   0x003750    program     static                          
                     loop   0x0036da    program     static                          
                     loop   0x003780    program     static                          
                     loop   0x003668    program     static                          
                   loop_h   0x00372e    program     static C:\MCC18\src\traditional\proc\p18F4550.asm
                   loop_l   0x003738    program     static C:\MCC18\src\traditional\proc\p18F4550.asm
                     main   0x00317a    program     extern C:\Microchip Solutions\USB Device - MCHPUSB - Generic Driver Demo - Copy\Generic Driver Demo - Firmware\main.c
                   memset   0x003376    program     extern C:\MCC18\src\traditional\stdclib\memset.asm
                   printf   0x003410    program     extern C:\MCC18\src\traditional\stdclib\printf.c
                     putc   0x0034a8    program     extern C:\MCC18\src\traditional\stdclib\putc.c
                 s_digits   0x003794    program     static C:\MCC18\src\traditional\stdclib\vfprintf.c
            s_put_n_chars   0x001044    program     static C:\MCC18\src\traditional\stdclib\vfprintf.c
                    sd000   0x003260    program     extern C:\Microchip Solutions\USB Device - MCHPUSB - Generic Driver Demo - Copy\Generic Driver Demo - Firmware\usb_descriptors.c
                    sd001   0x003264    program     extern C:\Microchip Solutions\USB Device - MCHPUSB - Generic Driver Demo - Copy\Generic Driver Demo - Firmware\usb_descriptors.c
                    sd002   0x003298    program     extern C:\Microchip Solutions\USB Device - MCHPUSB - Generic Driver Demo - Copy\Generic Driver Demo - Firmware\usb_descriptors.c
                   strlen   0x0033aa    program     extern C:\MCC18\src\traditional\stdclib\strlen.asm
                strlenpgm   0x0033c6    program     extern C:\MCC18\src\traditional\stdclib\slenpgm.asm
                     test   0x0032f2    program     static                          
                 vfprintf   0x001070    program     extern C:\MCC18\src\traditional\stdclib\vfprintf.c
               zero_block   0x00372e    program     static C:\MCC18\src\traditional\proc\p18F4550.asm
                   ADCON0   0x000fc2       data     extern C:\MCC18\src\traditional\proc\p18F4550.asm
               ADCON0bits   0x000fc2       data     extern C:\MCC18\src\traditional\proc\p18F4550.asm
                   ADCON1   0x000fc1       data     extern C:\MCC18\src\traditional\proc\p18F4550.asm
               ADCON1bits   0x000fc1       data     extern C:\MCC18\src\traditional\proc\p18F4550.asm
                   ADCON2   0x000fc0       data     extern C:\MCC18\src\traditional\proc\p18F4550.asm
               ADCON2bits   0x000fc0       data     extern C:\MCC18\src\traditional\proc\p18F4550.asm
                    ADRES   0x000fc3       data     extern C:\MCC18\src\traditional\proc\p18F4550.asm
                   ADRESH   0x000fc4       data     extern C:\MCC18\src\traditional\proc\p18F4550.asm
                   ADRESL   0x000fc3       data     extern C:\MCC18\src\traditional\proc\p18F4550.asm
                  BAUDCON   0x000fb8       data     extern C:\MCC18\src\traditional\proc\p18F4550.asm
              BAUDCONbits   0x000fb8       data     extern C:\MCC18\src\traditional\proc\p18F4550.asm
                      BDT   0x000400       data     extern C:\Microchip Solutions\Microchip\USB\usb_device.c
                      BSR   0x000fe0       data     extern C:\MCC18\src\traditional\proc\p18F4550.asm
                   CCP1AS   0x000fb6       data     extern C:\MCC18\src\traditional\proc\p18F4550.asm
               CCP1ASbits   0x000fb6       data     extern C:\MCC18\src\traditional\proc\p18F4550.asm
                  CCP1CON   0x000fbd       data     extern C:\MCC18\src\traditional\proc\p18F4550.asm
              CCP1CONbits   0x000fbd       data     extern C:\MCC18\src\traditional\proc\p18F4550.asm
                  CCP1DEL   0x000fb7       data     extern C:\MCC18\src\traditional\proc\p18F4550.asm
              CCP1DELbits   0x000fb7       data     extern C:\MCC18\src\traditional\proc\p18F4550.asm
                  CCP2CON   0x000fba       data     extern C:\MCC18\src\traditional\proc\p18F4550.asm
              CCP2CONbits   0x000fba       data     extern C:\MCC18\src\traditional\proc\p18F4550.asm
                    CCPR1   0x000fbe       data     extern C:\MCC18\src\traditional\proc\p18F4550.asm
                   CCPR1H   0x000fbf       data     extern C:\MCC18\src\traditional\proc\p18F4550.asm
                   CCPR1L   0x000fbe       data     extern C:\MCC18\src\traditional\proc\p18F4550.asm
                    CCPR2   0x000fbb       data     extern C:\MCC18\src\traditional\proc\p18F4550.asm
                   CCPR2H   0x000fbc       data     extern C:\MCC18\src\traditional\proc\p18F4550.asm
                   CCPR2L   0x000fbb       data     extern C:\MCC18\src\traditional\proc\p18F4550.asm
                    CMCON   0x000fb4       data     extern C:\MCC18\src\traditional\proc\p18F4550.asm
                CMCONbits   0x000fb4       data     extern C:\MCC18\src\traditional\proc\p18F4550.asm
                   CVRCON   0x000fb5       data     extern C:\MCC18\src\traditional\proc\p18F4550.asm
               CVRCONbits   0x000fb5       data     extern C:\MCC18\src\traditional\proc\p18F4550.asm
              CtrlTrfData   0x000418       data     extern C:\Microchip Solutions\Microchip\USB\usb_device.c
                     DDRA   0x000f92       data     extern C:\MCC18\src\traditional\proc\p18F4550.asm
                 DDRAbits   0x000f92       data     extern C:\MCC18\src\traditional\proc\p18F4550.asm
                     DDRB   0x000f93       data     extern C:\MCC18\src\traditional\proc\p18F4550.asm
                 DDRBbits   0x000f93       data     extern C:\MCC18\src\traditional\proc\p18F4550.asm
                     DDRC   0x000f94       data     extern C:\MCC18\src\traditional\proc\p18F4550.asm
                 DDRCbits   0x000f94       data     extern C:\MCC18\src\traditional\proc\p18F4550.asm
                     DDRD   0x000f95       data     extern C:\MCC18\src\traditional\proc\p18F4550.asm
                 DDRDbits   0x000f95       data     extern C:\MCC18\src\traditional\proc\p18F4550.asm
                     DDRE   0x000f96       data     extern C:\MCC18\src\traditional\proc\p18F4550.asm
                 DDREbits   0x000f96       data     extern C:\MCC18\src\traditional\proc\p18F4550.asm
                  ECCP1AS   0x000fb6       data     extern C:\MCC18\src\traditional\proc\p18F4550.asm
              ECCP1ASbits   0x000fb6       data     extern C:\MCC18\src\traditional\proc\p18F4550.asm
                 ECCP1CON   0x000fbd       data     extern C:\MCC18\src\traditional\proc\p18F4550.asm
             ECCP1CONbits   0x000fbd       data     extern C:\MCC18\src\traditional\proc\p18F4550.asm
                 ECCP1DEL   0x000fb7       data     extern C:\MCC18\src\traditional\proc\p18F4550.asm
             ECCP1DELbits   0x000fb7       data     extern C:\MCC18\src\traditional\proc\p18F4550.asm
                    EEADR   0x000fa9       data     extern C:\MCC18\src\traditional\proc\p18F4550.asm
                   EECON1   0x000fa6       data     extern C:\MCC18\src\traditional\proc\p18F4550.asm
               EECON1bits   0x000fa6       data     extern C:\MCC18\src\traditional\proc\p18F4550.asm
                   EECON2   0x000fa7       data     extern C:\MCC18\src\traditional\proc\p18F4550.asm
                   EEDATA   0x000fa8       data     extern C:\MCC18\src\traditional\proc\p18F4550.asm
                     FSR0   0x000fe9       data     extern C:\MCC18\src\traditional\proc\p18F4550.asm
                    FSR0H   0x000fea       data     extern C:\MCC18\src\traditional\proc\p18F4550.asm
                    FSR0L   0x000fe9       data     extern C:\MCC18\src\traditional\proc\p18F4550.asm
                     FSR1   0x000fe1       data     extern C:\MCC18\src\traditional\proc\p18F4550.asm
                    FSR1H   0x000fe2       data     extern C:\MCC18\src\traditional\proc\p18F4550.asm
                    FSR1L   0x000fe1       data     extern C:\MCC18\src\traditional\proc\p18F4550.asm
                     FSR2   0x000fd9       data     extern C:\MCC18\src\traditional\proc\p18F4550.asm
                    FSR2H   0x000fda       data     extern C:\MCC18\src\traditional\proc\p18F4550.asm
                    FSR2L   0x000fd9       data     extern C:\MCC18\src\traditional\proc\p18F4550.asm
                  HLVDCON   0x000fd2       data     extern C:\MCC18\src\traditional\proc\p18F4550.asm
              HLVDCONbits   0x000fd2       data     extern C:\MCC18\src\traditional\proc\p18F4550.asm
         I2CStateVariable   0x0000c8       data     extern C:\Microchip Solutions\USB Device - MCHPUSB - Generic Driver Demo - Copy\Generic Driver Demo - Firmware\temperature.c
                    INDF0   0x000fef       data     extern C:\MCC18\src\traditional\proc\p18F4550.asm
                    INDF1   0x000fe7       data     extern C:\MCC18\src\traditional\proc\p18F4550.asm
                    INDF2   0x000fdf       data     extern C:\MCC18\src\traditional\proc\p18F4550.asm
                 INPacket   0x000420       data     extern C:\Microchip Solutions\USB Device - MCHPUSB - Generic Driver Demo - Copy\Generic Driver Demo - Firmware\user.c
                   INTCON   0x000ff2       data     extern C:\MCC18\src\traditional\proc\p18F4550.asm
                  INTCON2   0x000ff1       data     extern C:\MCC18\src\traditional\proc\p18F4550.asm
              INTCON2bits   0x000ff1       data     extern C:\MCC18\src\traditional\proc\p18F4550.asm
                  INTCON3   0x000ff0       data     extern C:\MCC18\src\traditional\proc\p18F4550.asm
              INTCON3bits   0x000ff0       data     extern C:\MCC18\src\traditional\proc\p18F4550.asm
               INTCONbits   0x000ff2       data     extern C:\MCC18\src\traditional\proc\p18F4550.asm
                     IPR1   0x000f9f       data     extern C:\MCC18\src\traditional\proc\p18F4550.asm
                 IPR1bits   0x000f9f       data     extern C:\MCC18\src\traditional\proc\p18F4550.asm
                     IPR2   0x000fa2       data     extern C:\MCC18\src\traditional\proc\p18F4550.asm
                 IPR2bits   0x000fa2       data     extern C:\MCC18\src\traditional\proc\p18F4550.asm
                     LATA   0x000f89       data     extern C:\MCC18\src\traditional\proc\p18F4550.asm
                 LATAbits   0x000f89       data     extern C:\MCC18\src\traditional\proc\p18F4550.asm
                     LATB   0x000f8a       data     extern C:\MCC18\src\traditional\proc\p18F4550.asm
                 LATBbits   0x000f8a       data     extern C:\MCC18\src\traditional\proc\p18F4550.asm
                     LATC   0x000f8b       data     extern C:\MCC18\src\traditional\proc\p18F4550.asm
                 LATCbits   0x000f8b       data     extern C:\MCC18\src\traditional\proc\p18F4550.asm
                     LATD   0x000f8c       data     extern C:\MCC18\src\traditional\proc\p18F4550.asm
                 LATDbits   0x000f8c       data     extern C:\MCC18\src\traditional\proc\p18F4550.asm
                     LATE   0x000f8d       data     extern C:\MCC18\src\traditional\proc\p18F4550.asm
                 LATEbits   0x000f8d       data     extern C:\MCC18\src\traditional\proc\p18F4550.asm
                   LVDCON   0x000fd2       data     extern C:\MCC18\src\traditional\proc\p18F4550.asm
               LVDCONbits   0x000fd2       data     extern C:\MCC18\src\traditional\proc\p18F4550.asm
                   OSCCON   0x000fd3       data     extern C:\MCC18\src\traditional\proc\p18F4550.asm
               OSCCONbits   0x000fd3       data     extern C:\MCC18\src\traditional\proc\p18F4550.asm
                  OSCTUNE   0x000f9b       data     extern C:\MCC18\src\traditional\proc\p18F4550.asm
              OSCTUNEbits   0x000f9b       data     extern C:\MCC18\src\traditional\proc\p18F4550.asm
                OUTPacket   0x000460       data     extern C:\Microchip Solutions\USB Device - MCHPUSB - Generic Driver Demo - Copy\Generic Driver Demo - Firmware\user.c
                       PC   0x000ff9       data     extern C:\MCC18\src\traditional\proc\p18F4550.asm
                      PCL   0x000ff9       data     extern C:\MCC18\src\traditional\proc\p18F4550.asm
                   PCLATH   0x000ffa       data     extern C:\MCC18\src\traditional\proc\p18F4550.asm
                   PCLATU   0x000ffb       data     extern C:\MCC18\src\traditional\proc\p18F4550.asm
                     PIE1   0x000f9d       data     extern C:\MCC18\src\traditional\proc\p18F4550.asm
                 PIE1bits   0x000f9d       data     extern C:\MCC18\src\traditional\proc\p18F4550.asm
                     PIE2   0x000fa0       data     extern C:\MCC18\src\traditional\proc\p18F4550.asm
                 PIE2bits   0x000fa0       data     extern C:\MCC18\src\traditional\proc\p18F4550.asm
                     PIR1   0x000f9e       data     extern C:\MCC18\src\traditional\proc\p18F4550.asm
                 PIR1bits   0x000f9e       data     extern C:\MCC18\src\traditional\proc\p18F4550.asm
                     PIR2   0x000fa1       data     extern C:\MCC18\src\traditional\proc\p18F4550.asm
                 PIR2bits   0x000fa1       data     extern C:\MCC18\src\traditional\proc\p18F4550.asm
                   PLUSW0   0x000feb       data     extern C:\MCC18\src\traditional\proc\p18F4550.asm
                   PLUSW1   0x000fe3       data     extern C:\MCC18\src\traditional\proc\p18F4550.asm
                   PLUSW2   0x000fdb       data     extern C:\MCC18\src\traditional\proc\p18F4550.asm
                    PORTA   0x000f80       data     extern C:\MCC18\src\traditional\proc\p18F4550.asm
                PORTAbits   0x000f80       data     extern C:\MCC18\src\traditional\proc\p18F4550.asm
                    PORTB   0x000f81       data     extern C:\MCC18\src\traditional\proc\p18F4550.asm
                PORTBbits   0x000f81       data     extern C:\MCC18\src\traditional\proc\p18F4550.asm
                    PORTC   0x000f82       data     extern C:\MCC18\src\traditional\proc\p18F4550.asm
                PORTCbits   0x000f82       data     extern C:\MCC18\src\traditional\proc\p18F4550.asm
                    PORTD   0x000f83       data     extern C:\MCC18\src\traditional\proc\p18F4550.asm
                PORTDbits   0x000f83       data     extern C:\MCC18\src\traditional\proc\p18F4550.asm
                    PORTE   0x000f84       data     extern C:\MCC18\src\traditional\proc\p18F4550.asm
                PORTEbits   0x000f84       data     extern C:\MCC18\src\traditional\proc\p18F4550.asm
                 POSTDEC0   0x000fed       data     extern C:\MCC18\src\traditional\proc\p18F4550.asm
                 POSTDEC1   0x000fe5       data     extern C:\MCC18\src\traditional\proc\p18F4550.asm
                 POSTDEC2   0x000fdd       data     extern C:\MCC18\src\traditional\proc\p18F4550.asm
                 POSTINC0   0x000fee       data     extern C:\MCC18\src\traditional\proc\p18F4550.asm
                 POSTINC1   0x000fe6       data     extern C:\MCC18\src\traditional\proc\p18F4550.asm
                 POSTINC2   0x000fde       data     extern C:\MCC18\src\traditional\proc\p18F4550.asm
                      PR2   0x000fcb       data     extern C:\MCC18\src\traditional\proc\p18F4550.asm
                  PREINC0   0x000fec       data     extern C:\MCC18\src\traditional\proc\p18F4550.asm
                  PREINC1   0x000fe4       data     extern C:\MCC18\src\traditional\proc\p18F4550.asm
                  PREINC2   0x000fdc       data     extern C:\MCC18\src\traditional\proc\p18F4550.asm
                     PROD   0x000ff3       data     extern C:\MCC18\src\traditional\proc\p18F4550.asm
                    PRODH   0x000ff4       data     extern C:\MCC18\src\traditional\proc\p18F4550.asm
                    PRODL   0x000ff3       data     extern C:\MCC18\src\traditional\proc\p18F4550.asm
                     RCON   0x000fd0       data     extern C:\MCC18\src\traditional\proc\p18F4550.asm
                 RCONbits   0x000fd0       data     extern C:\MCC18\src\traditional\proc\p18F4550.asm
                    RCREG   0x000fae       data     extern C:\MCC18\src\traditional\proc\p18F4550.asm
                    RCSTA   0x000fab       data     extern C:\MCC18\src\traditional\proc\p18F4550.asm
                RCSTAbits   0x000fab       data     extern C:\MCC18\src\traditional\proc\p18F4550.asm
             RemoteWakeup   0x0000c2       data     extern C:\Microchip Solutions\Microchip\USB\usb_device.c
                     SIGN   0x00000e       data     extern C:\MCC18\src\traditional\math\cmath18.asm
                    SPBRG   0x000faf       data     extern C:\MCC18\src\traditional\proc\p18F4550.asm
                   SPBRGH   0x000fb0       data     extern C:\MCC18\src\traditional\proc\p18F4550.asm
                   SPPCFG   0x000f63       data     extern C:\MCC18\src\traditional\proc\p18F4550.asm
               SPPCFGbits   0x000f63       data     extern C:\MCC18\src\traditional\proc\p18F4550.asm
                   SPPCON   0x000f65       data     extern C:\MCC18\src\traditional\proc\p18F4550.asm
               SPPCONbits   0x000f65       data     extern C:\MCC18\src\traditional\proc\p18F4550.asm
                  SPPDATA   0x000f62       data     extern C:\MCC18\src\traditional\proc\p18F4550.asm
                   SPPEPS   0x000f64       data     extern C:\MCC18\src\traditional\proc\p18F4550.asm
               SPPEPSbits   0x000f64       data     extern C:\MCC18\src\traditional\proc\p18F4550.asm
                   SSPADD   0x000fc8       data     extern C:\MCC18\src\traditional\proc\p18F4550.asm
                   SSPBUF   0x000fc9       data     extern C:\MCC18\src\traditional\proc\p18F4550.asm
                  SSPCON1   0x000fc6       data     extern C:\MCC18\src\traditional\proc\p18F4550.asm
              SSPCON1bits   0x000fc6       data     extern C:\MCC18\src\traditional\proc\p18F4550.asm
                  SSPCON2   0x000fc5       data     extern C:\MCC18\src\traditional\proc\p18F4550.asm
              SSPCON2bits   0x000fc5       data     extern C:\MCC18\src\traditional\proc\p18F4550.asm
                  SSPSTAT   0x000fc7       data     extern C:\MCC18\src\traditional\proc\p18F4550.asm
              SSPSTATbits   0x000fc7       data     extern C:\MCC18\src\traditional\proc\p18F4550.asm
                   STATUS   0x000fd8       data     extern C:\MCC18\src\traditional\proc\p18F4550.asm
               STATUSbits   0x000fd8       data     extern C:\MCC18\src\traditional\proc\p18F4550.asm
                   STKPTR   0x000ffc       data     extern C:\MCC18\src\traditional\proc\p18F4550.asm
               STKPTRbits   0x000ffc       data     extern C:\MCC18\src\traditional\proc\p18F4550.asm
                 SetupPkt   0x000410       data     extern C:\Microchip Solutions\Microchip\USB\usb_device.c
                    T0CON   0x000fd5       data     extern C:\MCC18\src\traditional\proc\p18F4550.asm
                T0CONbits   0x000fd5       data     extern C:\MCC18\src\traditional\proc\p18F4550.asm
                    T1CON   0x000fcd       data     extern C:\MCC18\src\traditional\proc\p18F4550.asm
                T1CONbits   0x000fcd       data     extern C:\MCC18\src\traditional\proc\p18F4550.asm
                    T2CON   0x000fca       data     extern C:\MCC18\src\traditional\proc\p18F4550.asm
                T2CONbits   0x000fca       data     extern C:\MCC18\src\traditional\proc\p18F4550.asm
                    T3CON   0x000fb1       data     extern C:\MCC18\src\traditional\proc\p18F4550.asm
                T3CONbits   0x000fb1       data     extern C:\MCC18\src\traditional\proc\p18F4550.asm
                   TABLAT   0x000ff5       data     extern C:\MCC18\src\traditional\proc\p18F4550.asm
                   TBLPTR   0x000ff6       data     extern C:\MCC18\src\traditional\proc\p18F4550.asm
                  TBLPTRH   0x000ff7       data     extern C:\MCC18\src\traditional\proc\p18F4550.asm
                  TBLPTRL   0x000ff6       data     extern C:\MCC18\src\traditional\proc\p18F4550.asm
                  TBLPTRU   0x000ff8       data     extern C:\MCC18\src\traditional\proc\p18F4550.asm
                    TMR0H   0x000fd7       data     extern C:\MCC18\src\traditional\proc\p18F4550.asm
                    TMR0L   0x000fd6       data     extern C:\MCC18\src\traditional\proc\p18F4550.asm
                    TMR1H   0x000fcf       data     extern C:\MCC18\src\traditional\proc\p18F4550.asm
                    TMR1L   0x000fce       data     extern C:\MCC18\src\traditional\proc\p18F4550.asm
                     TMR2   0x000fcc       data     extern C:\MCC18\src\traditional\proc\p18F4550.asm
                    TMR3H   0x000fb3       data     extern C:\MCC18\src\traditional\proc\p18F4550.asm
                    TMR3L   0x000fb2       data     extern C:\MCC18\src\traditional\proc\p18F4550.asm
                      TOS   0x000ffd       data     extern C:\MCC18\src\traditional\proc\p18F4550.asm
                     TOSH   0x000ffe       data     extern C:\MCC18\src\traditional\proc\p18F4550.asm
                     TOSL   0x000ffd       data     extern C:\MCC18\src\traditional\proc\p18F4550.asm
                     TOSU   0x000fff       data     extern C:\MCC18\src\traditional\proc\p18F4550.asm
                    TRISA   0x000f92       data     extern C:\MCC18\src\traditional\proc\p18F4550.asm
                TRISAbits   0x000f92       data     extern C:\MCC18\src\traditional\proc\p18F4550.asm
                    TRISB   0x000f93       data     extern C:\MCC18\src\traditional\proc\p18F4550.asm
                TRISBbits   0x000f93       data     extern C:\MCC18\src\traditional\proc\p18F4550.asm
                    TRISC   0x000f94       data     extern C:\MCC18\src\traditional\proc\p18F4550.asm
                TRISCbits   0x000f94       data     extern C:\MCC18\src\traditional\proc\p18F4550.asm
                    TRISD   0x000f95       data     extern C:\MCC18\src\traditional\proc\p18F4550.asm
                TRISDbits   0x000f95       data     extern C:\MCC18\src\traditional\proc\p18F4550.asm
                    TRISE   0x000f96       data     extern C:\MCC18\src\traditional\proc\p18F4550.asm
                TRISEbits   0x000f96       data     extern C:\MCC18\src\traditional\proc\p18F4550.asm
                    TXREG   0x000fad       data     extern C:\MCC18\src\traditional\proc\p18F4550.asm
                    TXSTA   0x000fac       data     extern C:\MCC18\src\traditional\proc\p18F4550.asm
                TXSTAbits   0x000fac       data     extern C:\MCC18\src\traditional\proc\p18F4550.asm
          TempAccumulator   0x0000ca       data     extern C:\Microchip Solutions\USB Device - MCHPUSB - Generic Driver Demo - Copy\Generic Driver Demo - Firmware\temperature.c
                 TempSave   0x0000cb       data     extern C:\Microchip Solutions\USB Device - MCHPUSB - Generic Driver Demo - Copy\Generic Driver Demo - Firmware\temperature.c
                    UADDR   0x000f6e       data     extern C:\MCC18\src\traditional\proc\p18F4550.asm
                UADDRbits   0x000f6e       data     extern C:\MCC18\src\traditional\proc\p18F4550.asm
                     UCFG   0x000f6f       data     extern C:\MCC18\src\traditional\proc\p18F4550.asm
                 UCFGbits   0x000f6f       data     extern C:\MCC18\src\traditional\proc\p18F4550.asm
                     UCON   0x000f6d       data     extern C:\MCC18\src\traditional\proc\p18F4550.asm
                 UCONbits   0x000f6d       data     extern C:\MCC18\src\traditional\proc\p18F4550.asm
                     UEIE   0x000f6b       data     extern C:\MCC18\src\traditional\proc\p18F4550.asm
                 UEIEbits   0x000f6b       data     extern C:\MCC18\src\traditional\proc\p18F4550.asm
                     UEIR   0x000f6a       data     extern C:\MCC18\src\traditional\proc\p18F4550.asm
                 UEIRbits   0x000f6a       data     extern C:\MCC18\src\traditional\proc\p18F4550.asm
                     UEP0   0x000f70       data     extern C:\MCC18\src\traditional\proc\p18F4550.asm
                 UEP0bits   0x000f70       data     extern C:\MCC18\src\traditional\proc\p18F4550.asm
                     UEP1   0x000f71       data     extern C:\MCC18\src\traditional\proc\p18F4550.asm
                    UEP10   0x000f7a       data     extern C:\MCC18\src\traditional\proc\p18F4550.asm
                UEP10bits   0x000f7a       data     extern C:\MCC18\src\traditional\proc\p18F4550.asm
                    UEP11   0x000f7b       data     extern C:\MCC18\src\traditional\proc\p18F4550.asm
                UEP11bits   0x000f7b       data     extern C:\MCC18\src\traditional\proc\p18F4550.asm
                    UEP12   0x000f7c       data     extern C:\MCC18\src\traditional\proc\p18F4550.asm
                UEP12bits   0x000f7c       data     extern C:\MCC18\src\traditional\proc\p18F4550.asm
                    UEP13   0x000f7d       data     extern C:\MCC18\src\traditional\proc\p18F4550.asm
                UEP13bits   0x000f7d       data     extern C:\MCC18\src\traditional\proc\p18F4550.asm
                    UEP14   0x000f7e       data     extern C:\MCC18\src\traditional\proc\p18F4550.asm
                UEP14bits   0x000f7e       data     extern C:\MCC18\src\traditional\proc\p18F4550.asm
                    UEP15   0x000f7f       data     extern C:\MCC18\src\traditional\proc\p18F4550.asm
                UEP15bits   0x000f7f       data     extern C:\MCC18\src\traditional\proc\p18F4550.asm
                 UEP1bits   0x000f71       data     extern C:\MCC18\src\traditional\proc\p18F4550.asm
                     UEP2   0x000f72       data     extern C:\MCC18\src\traditional\proc\p18F4550.asm
                 UEP2bits   0x000f72       data     extern C:\MCC18\src\traditional\proc\p18F4550.asm
                     UEP3   0x000f73       data     extern C:\MCC18\src\traditional\proc\p18F4550.asm
                 UEP3bits   0x000f73       data     extern C:\MCC18\src\traditional\proc\p18F4550.asm
                     UEP4   0x000f74       data     extern C:\MCC18\src\traditional\proc\p18F4550.asm
                 UEP4bits   0x000f74       data     extern C:\MCC18\src\traditional\proc\p18F4550.asm
                     UEP5   0x000f75       data     extern C:\MCC18\src\traditional\proc\p18F4550.asm
                 UEP5bits   0x000f75       data     extern C:\MCC18\src\traditional\proc\p18F4550.asm
                     UEP6   0x000f76       data     extern C:\MCC18\src\traditional\proc\p18F4550.asm
                 UEP6bits   0x000f76       data     extern C:\MCC18\src\traditional\proc\p18F4550.asm
                     UEP7   0x000f77       data     extern C:\MCC18\src\traditional\proc\p18F4550.asm
                 UEP7bits   0x000f77       data     extern C:\MCC18\src\traditional\proc\p18F4550.asm
                     UEP8   0x000f78       data     extern C:\MCC18\src\traditional\proc\p18F4550.asm
                 UEP8bits   0x000f78       data     extern C:\MCC18\src\traditional\proc\p18F4550.asm
                     UEP9   0x000f79       data     extern C:\MCC18\src\traditional\proc\p18F4550.asm
                 UEP9bits   0x000f79       data     extern C:\MCC18\src\traditional\proc\p18F4550.asm
                     UFRM   0x000f66       data     extern C:\MCC18\src\traditional\proc\p18F4550.asm
                    UFRMH   0x000f67       data     extern C:\MCC18\src\traditional\proc\p18F4550.asm
                UFRMHbits   0x000f67       data     extern C:\MCC18\src\traditional\proc\p18F4550.asm
                    UFRML   0x000f66       data     extern C:\MCC18\src\traditional\proc\p18F4550.asm
                UFRMLbits   0x000f66       data     extern C:\MCC18\src\traditional\proc\p18F4550.asm
                      UIE   0x000f69       data     extern C:\MCC18\src\traditional\proc\p18F4550.asm
                  UIEbits   0x000f69       data     extern C:\MCC18\src\traditional\proc\p18F4550.asm
                      UIR   0x000f68       data     extern C:\MCC18\src\traditional\proc\p18F4550.asm
                  UIRbits   0x000f68       data     extern C:\MCC18\src\traditional\proc\p18F4550.asm
   USBActiveConfiguration   0x0000a4       data     extern C:\Microchip Solutions\Microchip\USB\usb_device.c
    USBAlternateInterface   0x0000a5       data     extern C:\Microchip Solutions\Microchip\USB\usb_device.c
           USBDeviceState   0x0000a3       data     extern C:\Microchip Solutions\Microchip\USB\usb_device.c
       USBGenericInHandle   0x0000e4       data     extern C:\Microchip Solutions\USB Device - MCHPUSB - Generic Driver Demo - Copy\Generic Driver Demo - Firmware\user.c
      USBGenericOutHandle   0x0000e2       data     extern C:\Microchip Solutions\USB Device - MCHPUSB - Generic Driver Demo - Copy\Generic Driver Demo - Firmware\user.c
                USBInData   0x0000c6       data     extern C:\Microchip Solutions\Microchip\USB\usb_device.c
       USBInMaxPacketSize   0x0000c4       data     extern C:\Microchip Solutions\Microchip\USB\usb_device.c
                    USTAT   0x000f6c       data     extern C:\MCC18\src\traditional\proc\p18F4550.asm
                USTATbits   0x000f6c       data     extern C:\MCC18\src\traditional\proc\p18F4550.asm
                USTATcopy   0x0000c3       data     extern C:\Microchip Solutions\Microchip\USB\usb_device.c
                   WDTCON   0x000fd1       data     extern C:\MCC18\src\traditional\proc\p18F4550.asm
               WDTCONbits   0x000fd1       data     extern C:\MCC18\src\traditional\proc\p18F4550.asm
                     WREG   0x000fe8       data     extern C:\MCC18\src\traditional\proc\p18F4550.asm
                 __AARGB0   0x000007       data     extern C:\MCC18\src\traditional\math\aarg.asm
                 __AARGB1   0x000006       data     extern C:\MCC18\src\traditional\math\aarg.asm
                 __AARGB2   0x000005       data     extern C:\MCC18\src\traditional\math\aarg.asm
                 __AARGB3   0x000004       data     extern C:\MCC18\src\traditional\math\aarg.asm
                 __AARGB4   0x000003       data     extern C:\MCC18\src\traditional\math\aarg.asm
                 __AARGB5   0x000002       data     extern C:\MCC18\src\traditional\math\aarg.asm
                 __AARGB6   0x000001       data     extern C:\MCC18\src\traditional\math\aarg.asm
                 __AARGB7   0x000000       data     extern C:\MCC18\src\traditional\math\aarg.asm
                   __AEXP   0x000008       data     extern C:\MCC18\src\traditional\math\aarg.asm
                 __BARGB0   0x00000c       data     extern C:\MCC18\src\traditional\math\barg.asm
                 __BARGB1   0x00000b       data     extern C:\MCC18\src\traditional\math\barg.asm
                 __BARGB2   0x00000a       data     extern C:\MCC18\src\traditional\math\barg.asm
                 __BARGB3   0x000009       data     extern C:\MCC18\src\traditional\math\barg.asm
                   __BEXP   0x00000d       data     extern C:\MCC18\src\traditional\math\barg.asm
                __FPFLAGS   0x00000f       data     extern C:\MCC18\src\traditional\math\cmath18.asm
            __FPFLAGSbits   0x00000f       data     extern C:\MCC18\src\traditional\math\cmath18.asm
                  __REMB0   0x000003       data     extern C:\MCC18\src\traditional\math\aarg.asm
                  __REMB1   0x000002       data     extern C:\MCC18\src\traditional\math\aarg.asm
                  __REMB2   0x000001       data     extern C:\MCC18\src\traditional\math\aarg.asm
                  __REMB3   0x000000       data     extern C:\MCC18\src\traditional\math\aarg.asm
                   __TEMP   0x000013       data     extern C:\MCC18\src\traditional\math\temparg.asm
                 __TEMPB0   0x000013       data     extern C:\MCC18\src\traditional\math\temparg.asm
                 __TEMPB1   0x000012       data     extern C:\MCC18\src\traditional\math\temparg.asm
                 __TEMPB2   0x000011       data     extern C:\MCC18\src\traditional\math\temparg.asm
                 __TEMPB3   0x000010       data     extern C:\MCC18\src\traditional\math\temparg.asm
                  __tmp_0   0x000014       data     static C:\MCC18\src\traditional\stdclib\printf.c
                  __tmp_0   0x000014       data     static C:\MCC18\src\traditional\stdclib\vfprintf.c
                  __tmp_0   0x000014       data     static C:\MCC18\src\traditional\stdclib\putc.c
                  __tmp_0   0x000014       data     static C:\Microchip Solutions\USB Device - MCHPUSB - Generic Driver Demo - Copy\Generic Driver Demo - Firmware\user.c
                  __tmp_0   0x000014       data     static C:\Microchip Solutions\USB Device - MCHPUSB - Generic Driver Demo - Copy\Generic Driver Demo - Firmware\temperature.c
                  __tmp_0   0x000014       data     static C:\Microchip Solutions\USB Device - MCHPUSB - Generic Driver Demo - Copy\Generic Driver Demo - Firmware\main.c
                  __tmp_0   0x000014       data     static C:\Microchip Solutions\USB Device - MCHPUSB - Generic Driver Demo - Copy\Generic Driver Demo - Firmware\usart.c
                  __tmp_0   0x000014       data     static C:\Microchip Solutions\Microchip\USB\usb_device.c
     controlTransferState   0x0000b3       data     extern C:\Microchip Solutions\Microchip\USB\usb_device.c
                  counter   0x000062       data     extern C:\Microchip Solutions\USB Device - MCHPUSB - Generic Driver Demo - Copy\Generic Driver Demo - Firmware\user.c
                curr_byte   0x0000db       data     static C:\MCC18\src\traditional\startup\c018i.c
               curr_entry   0x0000dd       data     static C:\MCC18\src\traditional\startup\c018i.c
                 data_ptr   0x0000df       data     static C:\MCC18\src\traditional\startup\c018i.c
              delay_count   0x0000e8       data     static C:\Microchip Solutions\USB Device - MCHPUSB - Generic Driver Demo - Copy\Generic Driver Demo - Firmware\main.c
                  inPipes   0x0000b4       data     extern C:\Microchip Solutions\Microchip\USB\usb_device.c
                led_count   0x0000e6       data     static C:\Microchip Solutions\USB Device - MCHPUSB - Generic Driver Demo - Copy\Generic Driver Demo - Firmware\user.c
                  old_sw2   0x000060       data     extern C:\Microchip Solutions\USB Device - MCHPUSB - Generic Driver Demo - Copy\Generic Driver Demo - Firmware\user.c
                  old_sw3   0x000061       data     extern C:\Microchip Solutions\USB Device - MCHPUSB - Generic Driver Demo - Copy\Generic Driver Demo - Firmware\user.c
                 outPipes   0x0000b9       data     extern C:\Microchip Solutions\Microchip\USB\usb_device.c
   pBDTEntryEP0OutCurrent   0x0000a6       data     extern C:\Microchip Solutions\Microchip\USB\usb_device.c
      pBDTEntryEP0OutNext   0x0000a8       data     extern C:\Microchip Solutions\Microchip\USB\usb_device.c
              pBDTEntryIn   0x0000ae       data     extern C:\Microchip Solutions\Microchip\USB\usb_device.c
             pBDTEntryOut   0x0000aa       data     extern C:\Microchip Solutions\Microchip\USB\usb_device.c
                     pDst   0x0000c0       data     extern C:\Microchip Solutions\Microchip\USB\usb_device.c
                    pTemp   0x000065       data     extern C:\Microchip Solutions\USB Device - MCHPUSB - Generic Driver Demo - Copy\Generic Driver Demo - Firmware\user.c
[...]
                    UEP13   0x000f7d       data     extern C:\MCC18\src\traditional\proc\p18F4550.asm
                UEP13bits   0x000f7d       data     extern C:\MCC18\src\traditional\proc\p18F4550.asm
                    UEP14   0x000f7e       data     extern C:\MCC18\src\traditional\proc\p18F4550.asm
                UEP14bits   0x000f7e       data     extern C:\MCC18\src\traditional\proc\p18F4550.asm
                    UEP15   0x000f7f       data     extern C:\MCC18\src\traditional\proc\p18F4550.asm
                UEP15bits   0x000f7f       data     extern C:\MCC18\src\traditional\proc\p18F4550.asm
                    PORTA   0x000f80       data     extern C:\MCC18\src\traditional\proc\p18F4550.asm
                PORTAbits   0x000f80       data     extern C:\MCC18\src\traditional\proc\p18F4550.asm
                    PORTB   0x000f81       data     extern C:\MCC18\src\traditional\proc\p18F4550.asm
                PORTBbits   0x000f81       data     extern C:\MCC18\src\traditional\proc\p18F4550.asm
                    PORTC   0x000f82       data     extern C:\MCC18\src\traditional\proc\p18F4550.asm
                PORTCbits   0x000f82       data     extern C:\MCC18\src\traditional\proc\p18F4550.asm
                PORTDbits   0x000f83       data     extern C:\MCC18\src\traditional\proc\p18F4550.asm
                    PORTD   0x000f83       data     extern C:\MCC18\src\traditional\proc\p18F4550.asm
                    PORTE   0x000f84       data     extern C:\MCC18\src\traditional\proc\p18F4550.asm
                PORTEbits   0x000f84       data     extern C:\MCC18\src\traditional\proc\p18F4550.asm
                     LATA   0x000f89       data     extern C:\MCC18\src\traditional\proc\p18F4550.asm
                 LATAbits   0x000f89       data     extern C:\MCC18\src\traditional\proc\p18F4550.asm
                     LATB   0x000f8a       data     extern C:\MCC18\src\traditional\proc\p18F4550.asm
                 LATBbits   0x000f8a       data     extern C:\MCC18\src\traditional\proc\p18F4550.asm
                 LATCbits   0x000f8b       data     extern C:\MCC18\src\traditional\proc\p18F4550.asm
                     LATC   0x000f8b       data     extern C:\MCC18\src\traditional\proc\p18F4550.asm
                 LATDbits   0x000f8c       data     extern C:\MCC18\src\traditional\proc\p18F4550.asm
                     LATD   0x000f8c       data     extern C:\MCC18\src\traditional\proc\p18F4550.asm
                 LATEbits   0x000f8d       data     extern C:\MCC18\src\traditional\proc\p18F4550.asm
                     LATE   0x000f8d       data     extern C:\MCC18\src\traditional\proc\p18F4550.asm
                     DDRA   0x000f92       data     extern C:\MCC18\src\traditional\proc\p18F4550.asm
                 DDRAbits   0x000f92       data     extern C:\MCC18\src\traditional\proc\p18F4550.asm
                TRISAbits   0x000f92       data     extern C:\MCC18\src\traditional\proc\p18F4550.asm
                    TRISA   0x000f92       data     extern C:\MCC18\src\traditional\proc\p18F4550.asm
                    TRISB   0x000f93       data     extern C:\MCC18\src\traditional\proc\p18F4550.asm
                TRISBbits   0x000f93       data     extern C:\MCC18\src\traditional\proc\p18F4550.asm
                 DDRBbits   0x000f93       data     extern C:\MCC18\src\traditional\proc\p18F4550.asm
                     DDRB   0x000f93       data     extern C:\MCC18\src\traditional\proc\p18F4550.asm
                    TRISC   0x000f94       data     extern C:\MCC18\src\traditional\proc\p18F4550.asm
                 DDRCbits   0x000f94       data     extern C:\MCC18\src\traditional\proc\p18F4550.asm
                     DDRC   0x000f94       data     extern C:\MCC18\src\traditional\proc\p18F4550.asm
                TRISCbits   0x000f94       data     extern C:\MCC18\src\traditional\proc\p18F4550.asm
                TRISDbits   0x000f95       data     extern C:\MCC18\src\traditional\proc\p18F4550.asm
                 DDRDbits   0x000f95       data     extern C:\MCC18\src\traditional\proc\p18F4550.asm
                     DDRD   0x000f95       data     extern C:\MCC18\src\traditional\proc\p18F4550.asm
                    TRISD   0x000f95       data     extern C:\MCC18\src\traditional\proc\p18F4550.asm
                    TRISE   0x000f96       data     extern C:\MCC18\src\traditional\proc\p18F4550.asm
                TRISEbits   0x000f96       data     extern C:\MCC18\src\traditional\proc\p18F4550.asm
                     DDRE   0x000f96       data     extern C:\MCC18\src\traditional\proc\p18F4550.asm
                 DDREbits   0x000f96       data     extern C:\MCC18\src\traditional\proc\p18F4550.asm
                  OSCTUNE   0x000f9b       data     extern C:\MCC18\src\traditional\proc\p18F4550.asm
              OSCTUNEbits   0x000f9b       data     extern C:\MCC18\src\traditional\proc\p18F4550.asm
                     PIE1   0x000f9d       data     extern C:\MCC18\src\traditional\proc\p18F4550.asm
                 PIE1bits   0x000f9d       data     extern C:\MCC18\src\traditional\proc\p18F4550.asm
                 PIR1bits   0x000f9e       data     extern C:\MCC18\src\traditional\proc\p18F4550.asm
                     PIR1   0x000f9e       data     extern C:\MCC18\src\traditional\proc\p18F4550.asm
                     IPR1   0x000f9f       data     extern C:\MCC18\src\traditional\proc\p18F4550.asm
                 IPR1bits   0x000f9f       data     extern C:\MCC18\src\traditional\proc\p18F4550.asm
                     PIE2   0x000fa0       data     extern C:\MCC18\src\traditional\proc\p18F4550.asm
                 PIE2bits   0x000fa0       data     extern C:\MCC18\src\traditional\proc\p18F4550.asm
                     PIR2   0x000fa1       data     extern C:\MCC18\src\traditional\proc\p18F4550.asm
                 PIR2bits   0x000fa1       data     extern C:\MCC18\src\traditional\proc\p18F4550.asm
                 IPR2bits   0x000fa2       data     extern C:\MCC18\src\traditional\proc\p18F4550.asm
                     IPR2   0x000fa2       data     extern C:\MCC18\src\traditional\proc\p18F4550.asm
                   EECON1   0x000fa6       data     extern C:\MCC18\src\traditional\proc\p18F4550.asm
               EECON1bits   0x000fa6       data     extern C:\MCC18\src\traditional\proc\p18F4550.asm
                   EECON2   0x000fa7       data     extern C:\MCC18\src\traditional\proc\p18F4550.asm
                   EEDATA   0x000fa8       data     extern C:\MCC18\src\traditional\proc\p18F4550.asm
                    EEADR   0x000fa9       data     extern C:\MCC18\src\traditional\proc\p18F4550.asm
                    RCSTA   0x000fab       data     extern C:\MCC18\src\traditional\proc\p18F4550.asm
                RCSTAbits   0x000fab       data     extern C:\MCC18\src\traditional\proc\p18F4550.asm
                    TXSTA   0x000fac       data     extern C:\MCC18\src\traditional\proc\p18F4550.asm
                TXSTAbits   0x000fac       data     extern C:\MCC18\src\traditional\proc\p18F4550.asm
                    TXREG   0x000fad       data     extern C:\MCC18\src\traditional\proc\p18F4550.asm
                    RCREG   0x000fae       data     extern C:\MCC18\src\traditional\proc\p18F4550.asm
                    SPBRG   0x000faf       data     extern C:\MCC18\src\traditional\proc\p18F4550.asm
                   SPBRGH   0x000fb0       data     extern C:\MCC18\src\traditional\proc\p18F4550.asm
                T3CONbits   0x000fb1       data     extern C:\MCC18\src\traditional\proc\p18F4550.asm
                    T3CON   0x000fb1       data     extern C:\MCC18\src\traditional\proc\p18F4550.asm
                    TMR3L   0x000fb2       data     extern C:\MCC18\src\traditional\proc\p18F4550.asm
                    TMR3H   0x000fb3       data     extern C:\MCC18\src\traditional\proc\p18F4550.asm
                    CMCON   0x000fb4       data     extern C:\MCC18\src\traditional\proc\p18F4550.asm
                CMCONbits   0x000fb4       data     extern C:\MCC18\src\traditional\proc\p18F4550.asm
               CVRCONbits   0x000fb5       data     extern C:\MCC18\src\traditional\proc\p18F4550.asm
                   CVRCON   0x000fb5       data     extern C:\MCC18\src\traditional\proc\p18F4550.asm
               CCP1ASbits   0x000fb6       data     extern C:\MCC18\src\traditional\proc\p18F4550.asm
                  ECCP1AS   0x000fb6       data     extern C:\MCC18\src\traditional\proc\p18F4550.asm
              ECCP1ASbits   0x000fb6       data     extern C:\MCC18\src\traditional\proc\p18F4550.asm
                   CCP1AS   0x000fb6       data     extern C:\MCC18\src\traditional\proc\p18F4550.asm
              CCP1DELbits   0x000fb7       data     extern C:\MCC18\src\traditional\proc\p18F4550.asm
                  CCP1DEL   0x000fb7       data     extern C:\MCC18\src\traditional\proc\p18F4550.asm
                 ECCP1DEL   0x000fb7       data     extern C:\MCC18\src\traditional\proc\p18F4550.asm
             ECCP1DELbits   0x000fb7       data     extern C:\MCC18\src\traditional\proc\p18F4550.asm
                  BAUDCON   0x000fb8       data     extern C:\MCC18\src\traditional\proc\p18F4550.asm
              BAUDCONbits   0x000fb8       data     extern C:\MCC18\src\traditional\proc\p18F4550.asm
                  CCP2CON   0x000fba       data     extern C:\MCC18\src\traditional\proc\p18F4550.asm
              CCP2CONbits   0x000fba       data     extern C:\MCC18\src\traditional\proc\p18F4550.asm
                   CCPR2L   0x000fbb       data     extern C:\MCC18\src\traditional\proc\p18F4550.asm
                    CCPR2   0x000fbb       data     extern C:\MCC18\src\traditional\proc\p18F4550.asm
                   CCPR2H   0x000fbc       data     extern C:\MCC18\src\traditional\proc\p18F4550.asm
             ECCP1CONbits   0x000fbd       data     extern C:\MCC18\src\traditional\proc\p18F4550.asm
                 ECCP1CON   0x000fbd       data     extern C:\MCC18\src\traditional\proc\p18F4550.asm
                  CCP1CON   0x000fbd       data     extern C:\MCC18\src\traditional\proc\p18F4550.asm
              CCP1CONbits   0x000fbd       data     extern C:\MCC18\src\traditional\proc\p18F4550.asm
                    CCPR1   0x000fbe       data     extern C:\MCC18\src\traditional\proc\p18F4550.asm
                   CCPR1L   0x000fbe       data     extern C:\MCC18\src\traditional\proc\p18F4550.asm
                   CCPR1H   0x000fbf       data     extern C:\MCC18\src\traditional\proc\p18F4550.asm
                   ADCON2   0x000fc0       data     extern C:\MCC18\src\traditional\proc\p18F4550.asm
               ADCON2bits   0x000fc0       data     extern C:\MCC18\src\traditional\proc\p18F4550.asm
               ADCON1bits   0x000fc1       data     extern C:\MCC18\src\traditional\proc\p18F4550.asm
                   ADCON1   0x000fc1       data     extern C:\MCC18\src\traditional\proc\p18F4550.asm
               ADCON0bits   0x000fc2       data     extern C:\MCC18\src\traditional\proc\p18F4550.asm
                   ADCON0   0x000fc2       data     extern C:\MCC18\src\traditional\proc\p18F4550.asm
                   ADRESL   0x000fc3       data     extern C:\MCC18\src\traditional\proc\p18F4550.asm
                    ADRES   0x000fc3       data     extern C:\MCC18\src\traditional\proc\p18F4550.asm
                   ADRESH   0x000fc4       data     extern C:\MCC18\src\traditional\proc\p18F4550.asm
              SSPCON2bits   0x000fc5       data     extern C:\MCC18\src\traditional\proc\p18F4550.asm
                  SSPCON2   0x000fc5       data     extern C:\MCC18\src\traditional\proc\p18F4550.asm
              SSPCON1bits   0x000fc6       data     extern C:\MCC18\src\traditional\proc\p18F4550.asm
                  SSPCON1   0x000fc6       data     extern C:\MCC18\src\traditional\proc\p18F4550.asm
              SSPSTATbits   0x000fc7       data     extern C:\MCC18\src\traditional\proc\p18F4550.asm
                  SSPSTAT   0x000fc7       data     extern C:\MCC18\src\traditional\proc\p18F4550.asm
                   SSPADD   0x000fc8       data     extern C:\MCC18\src\traditional\proc\p18F4550.asm
                   SSPBUF   0x000fc9       data     extern C:\MCC18\src\traditional\proc\p18F4550.asm
                T2CONbits   0x000fca       data     extern C:\MCC18\src\traditional\proc\p18F4550.asm
                    T2CON   0x000fca       data     extern C:\MCC18\src\traditional\proc\p18F4550.asm
                      PR2   0x000fcb       data     extern C:\MCC18\src\traditional\proc\p18F4550.asm
                     TMR2   0x000fcc       data     extern C:\MCC18\src\traditional\proc\p18F4550.asm
                    T1CON   0x000fcd       data     extern C:\MCC18\src\traditional\proc\p18F4550.asm
                T1CONbits   0x000fcd       data     extern C:\MCC18\src\traditional\proc\p18F4550.asm
                    TMR1L   0x000fce       data     extern C:\MCC18\src\traditional\proc\p18F4550.asm
                    TMR1H   0x000fcf       data     extern C:\MCC18\src\traditional\proc\p18F4550.asm
                     RCON   0x000fd0       data     extern C:\MCC18\src\traditional\proc\p18F4550.asm
                 RCONbits   0x000fd0       data     extern C:\MCC18\src\traditional\proc\p18F4550.asm
               WDTCONbits   0x000fd1       data     extern C:\MCC18\src\traditional\proc\p18F4550.asm
                   WDTCON   0x000fd1       data     extern C:\MCC18\src\traditional\proc\p18F4550.asm
                   LVDCON   0x000fd2       data     extern C:\MCC18\src\traditional\proc\p18F4550.asm
                  HLVDCON   0x000fd2       data     extern C:\MCC18\src\traditional\proc\p18F4550.asm
              HLVDCONbits   0x000fd2       data     extern C:\MCC18\src\traditional\proc\p18F4550.asm
               LVDCONbits   0x000fd2       data     extern C:\MCC18\src\traditional\proc\p18F4550.asm
                   OSCCON   0x000fd3       data     extern C:\MCC18\src\traditional\proc\p18F4550.asm
               OSCCONbits   0x000fd3       data     extern C:\MCC18\src\traditional\proc\p18F4550.asm
                T0CONbits   0x000fd5       data     extern C:\MCC18\src\traditional\proc\p18F4550.asm
                    T0CON   0x000fd5       data     extern C:\MCC18\src\traditional\proc\p18F4550.asm
                    TMR0L   0x000fd6       data     extern C:\MCC18\src\traditional\proc\p18F4550.asm
                    TMR0H   0x000fd7       data     extern C:\MCC18\src\traditional\proc\p18F4550.asm
               STATUSbits   0x000fd8       data     extern C:\MCC18\src\traditional\proc\p18F4550.asm
                   STATUS   0x000fd8       data     extern C:\MCC18\src\traditional\proc\p18F4550.asm
                     FSR2   0x000fd9       data     extern C:\MCC18\src\traditional\proc\p18F4550.asm
                    FSR2L   0x000fd9       data     extern C:\MCC18\src\traditional\proc\p18F4550.asm
                    FSR2H   0x000fda       data     extern C:\MCC18\src\traditional\proc\p18F4550.asm
                   PLUSW2   0x000fdb       data     extern C:\MCC18\src\traditional\proc\p18F4550.asm
                  PREINC2   0x000fdc       data     extern C:\MCC18\src\traditional\proc\p18F4550.asm
                 POSTDEC2   0x000fdd       data     extern C:\MCC18\src\traditional\proc\p18F4550.asm
                 POSTINC2   0x000fde       data     extern C:\MCC18\src\traditional\proc\p18F4550.asm
                    INDF2   0x000fdf       data     extern C:\MCC18\src\traditional\proc\p18F4550.asm
                      BSR   0x000fe0       data     extern C:\MCC18\src\traditional\proc\p18F4550.asm
                     FSR1   0x000fe1       data     extern C:\MCC18\src\traditional\proc\p18F4550.asm
                    FSR1L   0x000fe1       data     extern C:\MCC18\src\traditional\proc\p18F4550.asm
                    FSR1H   0x000fe2       data     extern C:\MCC18\src\traditional\proc\p18F4550.asm
                   PLUSW1   0x000fe3       data     extern C:\MCC18\src\traditional\proc\p18F4550.asm
                  PREINC1   0x000fe4       data     extern C:\MCC18\src\traditional\proc\p18F4550.asm
                 POSTDEC1   0x000fe5       data     extern C:\MCC18\src\traditional\proc\p18F4550.asm
                 POSTINC1   0x000fe6       data     extern C:\MCC18\src\traditional\proc\p18F4550.asm
                    INDF1   0x000fe7       data     extern C:\MCC18\src\traditional\proc\p18F4550.asm
                     WREG   0x000fe8       data     extern C:\MCC18\src\traditional\proc\p18F4550.asm
                     FSR0   0x000fe9       data     extern C:\MCC18\src\traditional\proc\p18F4550.asm
                    FSR0L   0x000fe9       data     extern C:\MCC18\src\traditional\proc\p18F4550.asm
                    FSR0H   0x000fea       data     extern C:\MCC18\src\traditional\proc\p18F4550.asm
                   PLUSW0   0x000feb       data     extern C:\MCC18\src\traditional\proc\p18F4550.asm
                  PREINC0   0x000fec       data     extern C:\MCC18\src\traditional\proc\p18F4550.asm
                 POSTDEC0   0x000fed       data     extern C:\MCC18\src\traditional\proc\p18F4550.asm
                 POSTINC0   0x000fee       data     extern C:\MCC18\src\traditional\proc\p18F4550.asm
                    INDF0   0x000fef       data     extern C:\MCC18\src\traditional\proc\p18F4550.asm
              INTCON3bits   0x000ff0       data     extern C:\MCC18\src\traditional\proc\p18F4550.asm
                  INTCON3   0x000ff0       data     extern C:\MCC18\src\traditional\proc\p18F4550.asm
              INTCON2bits   0x000ff1       data     extern C:\MCC18\src\traditional\proc\p18F4550.asm
                  INTCON2   0x000ff1       data     extern C:\MCC18\src\traditional\proc\p18F4550.asm
               INTCONbits   0x000ff2       data     extern C:\MCC18\src\traditional\proc\p18F4550.asm
                   INTCON   0x000ff2       data     extern C:\MCC18\src\traditional\proc\p18F4550.asm
                    PRODL   0x000ff3       data     extern C:\MCC18\src\traditional\proc\p18F4550.asm
                     PROD   0x000ff3       data     extern C:\MCC18\src\traditional\proc\p18F4550.asm
                    PRODH   0x000ff4       data     extern C:\MCC18\src\traditional\proc\p18F4550.asm
                   TABLAT   0x000ff5       data     extern C:\MCC18\src\traditional\proc\p18F4550.asm
                   TBLPTR   0x000ff6       data     extern C:\MCC18\src\traditional\proc\p18F4550.asm
                  TBLPTRL   0x000ff6       data     extern C:\MCC18\src\traditional\proc\p18F4550.asm
                  TBLPTRH   0x000ff7       data     extern C:\MCC18\src\traditional\proc\p18F4550.asm
                  TBLPTRU   0x000ff8       data     extern C:\MCC18\src\traditional\proc\p18F4550.asm
                      PCL   0x000ff9       data     extern C:\MCC18\src\traditional\proc\p18F4550.asm
                       PC   0x000ff9       data     extern C:\MCC18\src\traditional\proc\p18F4550.asm
                   PCLATH   0x000ffa       data     extern C:\MCC18\src\traditional\proc\p18F4550.asm
                   PCLATU   0x000ffb       data     extern C:\MCC18\src\traditional\proc\p18F4550.asm
                   STKPTR   0x000ffc       data     extern C:\MCC18\src\traditional\proc\p18F4550.asm
               STKPTRbits   0x000ffc       data     extern C:\MCC18\src\traditional\proc\p18F4550.asm
                      TOS   0x000ffd       data     extern C:\MCC18\src\traditional\proc\p18F4550.asm
                     TOSL   0x000ffd       data     extern C:\MCC18\src\traditional\proc\p18F4550.asm
                     TOSH   0x000ffe       data     extern C:\MCC18\src\traditional\proc\p18F4550.asm
                     TOSU   0x000fff       data     extern C:\MCC18\src\traditional\proc\p18F4550.asm


